core_cm4.h:1667:26:__NVIC_GetPriorityGrouping	4	static
core_cm4.h:1679:22:__NVIC_EnableIRQ	16	static,ignoring_inline_asm
core_cm4.h:1809:22:__NVIC_SetPriority	16	static
core_cm4.h:1856:26:NVIC_EncodePriority	40	static
stm32l4xx_ll_usart.h:675:22:LL_USART_Enable	16	static
stm32l4xx_ll_usart.h:2787:22:LL_USART_ConfigAsyncMode	16	static
stm32l4xx_ll_usart.h:4544:22:LL_USART_TransmitData8	16	static
stm32l4xx_ll_system.h:772:22:LL_SYSCFG_SetEXTISource	32	static,ignoring_inline_asm
stm32l4xx_ll_gpio.h:286:22:LL_GPIO_SetPinMode	48	static,ignoring_inline_asm
stm32l4xx_ll_gpio.h:497:22:LL_GPIO_SetPinPull	48	static,ignoring_inline_asm
stm32l4xx_ll_gpio.h:718:22:LL_GPIO_EnablePinAnalogControl	16	static
stm32l4xx_ll_gpio.h:876:26:LL_GPIO_IsInputPinSet	16	static
stm32l4xx_ll_gpio.h:957:22:LL_GPIO_SetOutputPin	16	static
stm32l4xx_ll_gpio.h:986:22:LL_GPIO_ResetOutputPin	16	static
stm32l4xx_ll_bus.h:565:22:LL_AHB2_GRP1_EnableClock	24	static
stm32l4xx_ll_bus.h:1089:22:LL_APB1_GRP1_EnableClock	24	static
stm32l4xx_ll_bus.h:1675:22:LL_APB2_GRP1_EnableClock	24	static
stm32l4xx_ll_utils.h:202:26:LL_GetUID_Word0	4	static
stm32l4xx_ll_utils.h:211:26:LL_GetUID_Word1	4	static
stm32l4xx_ll_utils.h:220:26:LL_GetUID_Word2	4	static
stm32l4xx_ll_utils.h:231:26:LL_GetFlashSize	4	static
main.c:84:5:main	40	static
main.c:192:6:SystemClock_Config	232	static
main.c:269:13:MX_DFSDM1_Init	8	static
main.c:307:13:MX_I2C2_Init	8	static
main.c:353:13:MX_QUADSPI_Init	8	static
main.c:386:13:MX_SPI3_Init	8	static
main.c:426:13:MX_USART1_UART_Init	64	static
main.c:477:13:MX_USART3_UART_Init	64	static
main.c:528:13:MX_USB_OTG_FS_PCD_Init	8	static
main.c:563:13:MX_GPIO_Init	48	static
main.c:955:5:_write	32	static
main.c:970:6:Error_Handler	4	static,ignoring_inline_asm
