main.c:77:6:HAL_GPIO_EXTI_Callback	16	static
main.c:92:5:main	8	static
main.c:145:6:SystemClock_Config	232	static
main.c:222:13:MX_DFSDM1_Init	8	static
main.c:260:13:MX_I2C2_Init	8	static
main.c:306:13:MX_QUADSPI_Init	8	static
main.c:339:13:MX_SPI3_Init	8	static
main.c:379:13:MX_USART1_UART_Init	8	static
main.c:414:13:MX_USART3_UART_Init	8	static
main.c:449:13:MX_USB_OTG_FS_PCD_Init	8	static
main.c:484:13:MX_GPIO_Init	48	static
main.c:674:6:Error_Handler	4	static,ignoring_inline_asm
