stm32l4xx_ll_utils.h:202:26:LL_GetUID_Word0	4	static
stm32l4xx_ll_utils.h:211:26:LL_GetUID_Word1	4	static
stm32l4xx_ll_utils.h:220:26:LL_GetUID_Word2	4	static
stm32l4xx_ll_utils.h:231:26:LL_GetFlashSize	4	static
stm32l4xx_ll_gpio.h:957:22:LL_GPIO_SetOutputPin	16	static
stm32l4xx_ll_gpio.h:986:22:LL_GPIO_ResetOutputPin	16	static
main.c:96:6:HAL_GPIO_EXTI_Callback	120	static
main.c:125:6:do_LL_demo	136	static
main.c:161:6:do_HAL_demo	136	static
main.c:193:6:do_BSP_demo	120	static
main.c:216:6:do_bonus_demo	16	static
main.c:235:5:main	16	static
main.c:327:6:SystemClock_Config	232	static
main.c:405:13:MX_DFSDM1_Init	8	static
main.c:443:13:MX_I2C2_Init	8	static
main.c:489:13:MX_QUADSPI_Init	8	static
main.c:522:13:MX_SPI3_Init	8	static
main.c:562:13:MX_UART4_Init	8	static
main.c:597:13:MX_USART1_UART_Init	8	static
main.c:632:13:MX_USART3_UART_Init	8	static
main.c:667:13:MX_USB_OTG_FS_PCD_Init	8	static
main.c:702:13:MX_GPIO_Init	48	static
main.c:878:6:Error_Handler	4	static,ignoring_inline_asm
