main.c:108:13:HTS221_pwr_en	24	static
main.c:119:13:HTS221_get_cal_data	32	static
main.c:196:13:HTS221_get_sensor_data	144	static
main.c:266:13:LPS22HB_get_sensor_data	144	static
main.c:350:5:main	24	static
main.c:449:6:SystemClock_Config	232	static
main.c:526:13:MX_DFSDM1_Init	8	static
main.c:564:13:MX_I2C2_Init	8	static
main.c:610:13:MX_QUADSPI_Init	8	static
main.c:643:13:MX_SPI3_Init	8	static
main.c:683:13:MX_USART1_UART_Init	8	static
main.c:718:13:MX_USART3_UART_Init	8	static
main.c:753:13:MX_USB_OTG_FS_PCD_Init	8	static
main.c:786:13:MX_DMA_Init	16	static
main.c:807:13:MX_GPIO_Init	48	static
main.c:997:6:Error_Handler	4	static,ignoring_inline_asm
