main.c:108:13:HTS221_pwr_en	24	static
main.c:119:13:HTS221_get_cal_data	32	static
main.c:196:13:HTS221_get_sensor_data	144	static
main.c:258:13:LPS22HB_get_sensor_data	136	static
main.c:310:5:main	24	static
main.c:409:6:SystemClock_Config	232	static
main.c:486:13:MX_DFSDM1_Init	8	static
main.c:524:13:MX_I2C2_Init	8	static
main.c:570:13:MX_QUADSPI_Init	8	static
main.c:603:13:MX_SPI3_Init	8	static
main.c:643:13:MX_USART1_UART_Init	8	static
main.c:678:13:MX_USART3_UART_Init	8	static
main.c:713:13:MX_USB_OTG_FS_PCD_Init	8	static
main.c:746:13:MX_DMA_Init	16	static
main.c:767:13:MX_GPIO_Init	48	static
main.c:957:6:Error_Handler	4	static,ignoring_inline_asm
